// Jest Snapshot v1, https://goo.gl/fbAQLP

exports[`<Button/> should render a <Button/> components 1`] = `
<div>
  <button
    class="sky-btn sky-btn-default sky-btn-normal Buttoncss__ButtonWrapper-k9s1tq-0 cRNwTE"
    type="button"
  >
    <span>
      Hello Sky
    </span>
  </button>
  <button
    class="sky-btn sky-btn-primary Buttoncss__ButtonWrapper-k9s1tq-0 cRNwTE"
    type="button"
  >
    <span>
      Primary
    </span>
  </button>
  <button
    class="sky-btn sky-btn-dashed Buttoncss__ButtonWrapper-k9s1tq-0 cRNwTE"
    type="button"
  >
    <span>
      Dashed
    </span>
  </button>
  <button
    class="sky-btn sky-btn-danger Buttoncss__ButtonWrapper-k9s1tq-0 cRNwTE"
    type="button"
  >
    <span>
      Danger
    </span>
  </button>
  <button
    class="sky-btn sky-btn-normal sky-btn-disabled Buttoncss__ButtonWrapper-k9s1tq-0 cRNwTE"
    disabled=""
    type="button"
  >
    <span>
      Disabled
    </span>
  </button>
  <button
    class="sky-btn sky-btn-default sky-btn-normal sky-btn-loading Buttoncss__ButtonWrapper-k9s1tq-0 cRNwTE"
    disabled=""
    type="button"
  >
    <svg
      class="sky-loading"
      fill="currentColor"
      height="1em"
      version="1.1"
      viewBox="0 0 1024 1024"
      width="1em"
      xlink="http://www.w3.org/1999/xlink"
      xmlns="http://www.w3.org/2000/svg"
    >
      <defs />
      <path
        d="M988 548c-19.9 0-36-16.1-36-36 0-59.4-11.6-117-34.6-171.3a440.45 440.45 0 0 0-94.3-139.9 437.71 437.71 0 0 0-139.9-94.3C629 83.6 571.4 72 512 72c-19.9 0-36-16.1-36-36s16.1-36 36-36c69.1 0 136.2 13.5 199.3 40.3C772.3 66 827 103 874 150c47 47 83.9 101.8 109.7 162.7 26.7 63.1 40.2 130.2 40.2 199.3 0.1 19.9-16 36-35.9 36z"
        p-id="1345"
      />
    </svg>
    <span>
      loading
    </span>
  </button>
  <button
    class="sky-btn sky-btn-default sky-btn-normal sky-btn-block Buttoncss__ButtonWrapper-k9s1tq-0 cRNwTE"
    type="button"
  >
    <span>
      Block
    </span>
  </button>
  <button
    class="sky-btn sky-btn-primary sky-btn-size-large Buttoncss__ButtonWrapper-k9s1tq-0 cRNwTE"
    type="button"
  >
    <span>
      Large
    </span>
  </button>
  <button
    class="sky-btn sky-btn-primary Buttoncss__ButtonWrapper-k9s1tq-0 cRNwTE"
    type="button"
  >
    <span>
      Default
    </span>
  </button>
  <button
    class="sky-btn sky-btn-danger sky-btn-size-small Buttoncss__ButtonWrapper-k9s1tq-0 cRNwTE"
    type="button"
  >
    <span>
      Small
    </span>
  </button>
</div>
`;
