// Jest Snapshot v1, https://goo.gl/fbAQLP

exports[`Alert should be render some Alert components 1`] = `
<div>
  <div
    class="sky-alert sky-alert-info sky-alert-no-title alertcss__AlertWrapper-sc-1m63gp0-0 iujTdz"
  >
    <div
      class="sky-alert-container"
    >
      <span
        class="sky-alert-content"
      >
        some content
      </span>
    </div>
  </div>
  <div
    class="sky-alert sky-alert-warn alertcss__AlertWrapper-sc-1m63gp0-0 iujTdz"
  >
    <div
      class="sky-alert-container"
    >
      <span
        class="sky-alert-title"
      >
        Title
      </span>
      <span
        class="sky-alert-content"
      >
        some content
      </span>
    </div>
  </div>
  <div
    class="sky-alert sky-alert-error sky-alert-no-title alertcss__AlertWrapper-sc-1m63gp0-0 iujTdz"
  >
    <div
      class="sky-alert-container"
    >
      <span
        class="sky-alert-content"
      >
        some content
      </span>
    </div>
    <div
      class="sky-alert-close-icon"
    >
      <span>
        <svg
          fill="none"
          height="1em"
          stroke="currentColor"
          stroke-linecap="round"
          stroke-linejoin="round"
          stroke-width="2"
          viewBox="0 0 24 24"
          width="1em"
        >
          <line
            x1="18"
            x2="6"
            y1="6"
            y2="18"
          />
          <line
            x1="6"
            x2="18"
            y1="6"
            y2="18"
          />
        </svg>
      </span>
    </div>
  </div>
  <div
    class="sky-alert sky-alert-success sky-alert-show-icon sky-alert-no-title alertcss__AlertWrapper-sc-1m63gp0-0 iujTdz"
  >
    <div
      class="sky-alert-icon"
    >
      <span>
        <svg
          class="sky-alert-icon"
          fill="currentColor"
          height="1em"
          stroke="currentColor"
          stroke-width="0"
          viewBox="0 0 512 512"
          width="1em"
        >
          <path
            d="M256 8C119.033 8 8 119.033 8 256s111.033 248 248 248 248-111.033 248-248S392.967 8 256 8zm0 48c110.532 0 200 89.451 200 200 0 110.532-89.451 200-200 200-110.532 0-200-89.451-200-200 0-110.532 89.451-200 200-200m140.204 130.267l-22.536-22.718c-4.667-4.705-12.265-4.736-16.97-.068L215.346 303.697l-59.792-60.277c-4.667-4.705-12.265-4.736-16.97-.069l-22.719 22.536c-4.705 4.667-4.736 12.265-.068 16.971l90.781 91.516c4.667 4.705 12.265 4.736 16.97.068l172.589-171.204c4.704-4.668 4.734-12.266.067-16.971z"
          />
        </svg>
      </span>
    </div>
    <div
      class="sky-alert-container"
    >
      <span
        class="sky-alert-content"
      >
        some content
      </span>
    </div>
  </div>
  <div
    class="sky-alert sky-alert-info sky-alert-show-icon alertcss__AlertWrapper-sc-1m63gp0-0 iujTdz"
  >
    <div
      class="sky-alert-icon"
    >
      <span>
        <svg
          class="sky-alert-icon"
          fill="currentColor"
          height="1em"
          stroke="currentColor"
          stroke-width="0"
          viewBox="0 0 512 512"
          width="1em"
        >
          <path
            d="M235.4 172.2c0-11.4 9.3-19.9 20.5-19.9 11.4 0 20.7 8.5 20.7 19.9s-9.3 20-20.7 20c-11.2 0-20.5-8.6-20.5-20zm1.4 35.7H275V352h-38.2V207.9z"
          />
          <path
            d="M256 76c48.1 0 93.3 18.7 127.3 52.7S436 207.9 436 256s-18.7 93.3-52.7 127.3S304.1 436 256 436c-48.1 0-93.3-18.7-127.3-52.7S76 304.1 76 256s18.7-93.3 52.7-127.3S207.9 76 256 76m0-28C141.1 48 48 141.1 48 256s93.1 208 208 208 208-93.1 208-208S370.9 48 256 48z"
          />
        </svg>
      </span>
    </div>
    <div
      class="sky-alert-container"
    >
      <span
        class="sky-alert-title"
      >
        This is title
      </span>
      <span
        class="sky-alert-content"
      >
        some content
      </span>
    </div>
    <div
      class="sky-alert-close-icon"
    >
      <span>
        <svg
          fill="none"
          height="1em"
          stroke="currentColor"
          stroke-linecap="round"
          stroke-linejoin="round"
          stroke-width="2"
          viewBox="0 0 24 24"
          width="1em"
        >
          <line
            x1="18"
            x2="6"
            y1="6"
            y2="18"
          />
          <line
            x1="6"
            x2="18"
            y1="6"
            y2="18"
          />
        </svg>
      </span>
    </div>
  </div>
</div>
`;

exports[`Alert should render custom icon when it's set icon 1`] = `
<div
  class="sky-alert sky-alert-info sky-alert-no-content sky-alert-no-title alertcss__AlertWrapper-sc-1m63gp0-0 iujTdz"
>
  <div
    class="sky-alert-container"
  />
</div>
`;
