// Jest Snapshot v1, https://goo.gl/fbAQLP

exports[`<Modal /> should render a Modal component 1`] = `
<div>
  <div>
    <div
      class="sky-modal-mask sky-modal-mask-show modalcss__MaskWrapper-sc-1u1f9y2-0 lhqnkG"
    />
    <div
      class="sky-modal-wrapper modalcss__Wrapper-sc-1u1f9y2-1 gGxNTF"
    >
      <div
        class="sky-modal sky-modal-open modalcss__ModalWrapper-sc-1u1f9y2-2 eazxfY"
        width="520"
      >
        <div
          class="sky-modal-content"
        >
          <button
            class="sky-modal-close"
            type="button"
          >
            <span
              class="sky-modal-close-container"
            >
              <svg
                fill="none"
                height="1em"
                stroke="currentColor"
                stroke-linecap="round"
                stroke-linejoin="round"
                stroke-width="2"
                viewBox="0 0 24 24"
                width="1em"
              >
                <line
                  x1="18"
                  x2="6"
                  y1="6"
                  y2="18"
                />
                <line
                  x1="6"
                  x2="18"
                  y1="6"
                  y2="18"
                />
              </svg>
            </span>
          </button>
          <div
            class="sky-modal-header"
          >
            <div
              class="sky-modal-title"
            >
              基本使用
            </div>
          </div>
          <div
            class="sky-modal-body"
          >
            <p>
              some contents ...
            </p>
          </div>
          <div
            class="sky-modal-footer"
          >
            <div
              class="sky-modal-footer-container"
            >
              <button
                class="sky-btn sky-btn-default sky-btn-normal Buttoncss__ButtonWrapper-k9s1tq-0 gbjZNk"
                type="button"
              >
                <span>
                  <span>
                    取消
                  </span>
                </span>
              </button>
              <button
                class="sky-btn sky-btn-primary Buttoncss__ButtonWrapper-k9s1tq-0 gbjZNk"
                type="button"
              >
                <span>
                  <span>
                    确认
                  </span>
                </span>
              </button>
            </div>
          </div>
        </div>
      </div>
    </div>
  </div>
  <div>
    <div
      class="sky-modal-mask sky-modal-mask-show modalcss__MaskWrapper-sc-1u1f9y2-0 lhqnkG"
    />
    <div
      class="sky-modal-wrapper modalcss__Wrapper-sc-1u1f9y2-1 gGxNTF"
    >
      <div
        class="sky-modal sky-modal-open modalcss__ModalWrapper-sc-1u1f9y2-2 eazxfY"
        width="520"
      >
        <div
          class="sky-modal-content"
        >
          <button
            class="sky-modal-close"
            type="button"
          >
            <span
              class="sky-modal-close-container"
            >
              <svg
                fill="none"
                height="1em"
                stroke="currentColor"
                stroke-linecap="round"
                stroke-linejoin="round"
                stroke-width="2"
                viewBox="0 0 24 24"
                width="1em"
              >
                <line
                  x1="18"
                  x2="6"
                  y1="6"
                  y2="18"
                />
                <line
                  x1="6"
                  x2="18"
                  y1="6"
                  y2="18"
                />
              </svg>
            </span>
          </button>
          <div
            class="sky-modal-header"
          >
            <div
              class="sky-modal-title"
            >
              自定义取消按钮文字
            </div>
          </div>
          <div
            class="sky-modal-body"
          >
            <p>
              some contents ...
            </p>
          </div>
          <div
            class="sky-modal-footer"
          >
            <div
              class="sky-modal-footer-container"
            >
              <button
                class="sky-btn sky-btn-default sky-btn-normal Buttoncss__ButtonWrapper-k9s1tq-0 gbjZNk"
                type="button"
              >
                <span>
                  <span>
                    cancel
                  </span>
                </span>
              </button>
              <button
                class="sky-btn sky-btn-primary Buttoncss__ButtonWrapper-k9s1tq-0 gbjZNk"
                type="button"
              >
                <span>
                  <span>
                    确认
                  </span>
                </span>
              </button>
            </div>
          </div>
        </div>
      </div>
    </div>
  </div>
  <div>
    <div
      class="sky-modal-mask sky-modal-mask-show modalcss__MaskWrapper-sc-1u1f9y2-0 lhqnkG"
    />
    <div
      class="sky-modal-wrapper modalcss__Wrapper-sc-1u1f9y2-1 gGxNTF"
    >
      <div
        class="sky-modal sky-modal-open modalcss__ModalWrapper-sc-1u1f9y2-2 eazxfY"
        width="520"
      >
        <div
          class="sky-modal-content"
        >
          <button
            class="sky-modal-close"
            type="button"
          >
            <span
              class="sky-modal-close-container"
            >
              <svg
                fill="none"
                height="1em"
                stroke="currentColor"
                stroke-linecap="round"
                stroke-linejoin="round"
                stroke-width="2"
                viewBox="0 0 24 24"
                width="1em"
              >
                <line
                  x1="18"
                  x2="6"
                  y1="6"
                  y2="18"
                />
                <line
                  x1="6"
                  x2="18"
                  y1="6"
                  y2="18"
                />
              </svg>
            </span>
          </button>
          <div
            class="sky-modal-header"
          >
            <div
              class="sky-modal-title"
            >
              没有 footer
            </div>
          </div>
          <div
            class="sky-modal-body"
          >
            <p>
              some contents ...
            </p>
          </div>
          <div
            class="sky-modal-footer"
          />
        </div>
      </div>
    </div>
  </div>
  <div>
    <div
      class="sky-modal-mask sky-modal-mask-show modalcss__MaskWrapper-sc-1u1f9y2-0 lhqnkG"
    />
    <div
      class="sky-modal-wrapper sky-modal-centered modalcss__Wrapper-sc-1u1f9y2-1 gGxNTF"
    >
      <div
        class="sky-modal sky-modal-open modalcss__ModalWrapper-sc-1u1f9y2-2 eazxfY"
        width="520"
      >
        <div
          class="sky-modal-content"
        >
          <button
            class="sky-modal-close"
            type="button"
          >
            <span
              class="sky-modal-close-container"
            >
              <svg
                fill="none"
                height="1em"
                stroke="currentColor"
                stroke-linecap="round"
                stroke-linejoin="round"
                stroke-width="2"
                viewBox="0 0 24 24"
                width="1em"
              >
                <line
                  x1="18"
                  x2="6"
                  y1="6"
                  y2="18"
                />
                <line
                  x1="6"
                  x2="18"
                  y1="6"
                  y2="18"
                />
              </svg>
            </span>
          </button>
          <div
            class="sky-modal-header"
          >
            <div
              class="sky-modal-title"
            >
              水平垂直居中
            </div>
          </div>
          <div
            class="sky-modal-body"
          >
            <p>
              some contents ...
            </p>
          </div>
          <div
            class="sky-modal-footer"
          >
            <div
              class="sky-modal-footer-container"
            >
              <button
                class="sky-btn sky-btn-default sky-btn-normal Buttoncss__ButtonWrapper-k9s1tq-0 gbjZNk"
                type="button"
              >
                <span>
                  <span>
                    取消
                  </span>
                </span>
              </button>
              <button
                class="sky-btn sky-btn-primary Buttoncss__ButtonWrapper-k9s1tq-0 gbjZNk"
                type="button"
              >
                <span>
                  <span>
                    确认
                  </span>
                </span>
              </button>
            </div>
          </div>
        </div>
      </div>
    </div>
  </div>
</div>
`;
